{
  "positions": 512,
  "kld": {
    "mean": 0.09450119056559178,
    "median": 0.06849429377051536,
    "p95": 0.2727189180355528,
    "p99": 0.5006736299635837,
    "max": 0.9461278142200904
  },
  "target_nll": {
    "teacher_perplexity": 13.951262363119241,
    "candidate_perplexity": 15.401151951623815,
    "teacher_mean": 2.6355699961530963,
    "candidate_mean": 2.734442308675544,
    "delta_mean": 0.09887231252244773,
    "delta_p95": 0.9821514728145558,
    "perplexity_ratio": 1.103925333118057
  },
  "agreement": {
    "top1": 0.833984375,
    "teacher_top1_in_candidate_top5": 0.986328125,
    "teacher_top1_in_candidate_top10": 0.994140625,
    "top5_overlap": 0.8171875000000002,
    "top10_overlap": 0.8304687500000001
  },
  "logits": {
    "centered_rmse_mean": 0.5601905141682099,
    "centered_cosine_mean": 0.9747918986098472
  },
  "argmax_flips": 85,
  "teacher": "benchmarks\\quality-k-recheck-2026-09-07\\calibrated-g16-full\\11\\BF16.logits",
  "candidate": "benchmarks\\quality-k-recheck-2026-09-07\\calibrated-g16-full\\11\\native-calibrated-g16.logits",
  "vocabulary_size": 248320
}
