{
  "positions": 512,
  "kld": {
    "mean": 0.031231944921962233,
    "median": 0.02351461773936497,
    "p95": 0.09775676226778285,
    "p99": 0.15383575730699467,
    "max": 0.35543256655043576
  },
  "target_nll": {
    "teacher_perplexity": 16.89823661865913,
    "candidate_perplexity": 17.08144694856591,
    "teacher_mean": 2.8272092743938373,
    "candidate_mean": 2.837992900730421,
    "delta_mean": 0.010783626336584123,
    "delta_p95": 0.5011259511781817,
    "perplexity_ratio": 1.0108419791982606
  },
  "agreement": {
    "top1": 0.91015625,
    "teacher_top1_in_candidate_top5": 0.998046875,
    "teacher_top1_in_candidate_top10": 1.0,
    "top5_overlap": 0.8984375,
    "top10_overlap": 0.9023437500000001
  },
  "logits": {
    "centered_rmse_mean": 0.33648555504267375,
    "centered_cosine_mean": 0.9904100238931651
  },
  "argmax_flips": 46,
  "teacher": "benchmarks\\quality-k-recheck-2026-09-07\\q4km-current-full\\13\\BF16.logits",
  "candidate": "benchmarks\\quality-k-recheck-2026-09-07\\q4km-current-full\\13\\native-Q4_K_M.logits",
  "vocabulary_size": 248320
}
