{
  "positions": 512,
  "kld": {
    "mean": 0.04389392045449166,
    "median": 0.03197267704898375,
    "p95": 0.12157207871254581,
    "p99": 0.23209112312719096,
    "max": 0.4632733884590895
  },
  "target_nll": {
    "teacher_perplexity": 19.44802493051291,
    "candidate_perplexity": 19.54525601818182,
    "teacher_mean": 2.967745518919259,
    "candidate_mean": 2.972732598068405,
    "delta_mean": 0.004987079149146187,
    "delta_p95": 0.5029592914016424,
    "perplexity_ratio": 1.0049995353264052
  },
  "agreement": {
    "top1": 0.91796875,
    "teacher_top1_in_candidate_top5": 1.0,
    "teacher_top1_in_candidate_top10": 1.0,
    "top5_overlap": 0.8847656250000001,
    "top10_overlap": 0.8841796875000001
  },
  "logits": {
    "centered_rmse_mean": 0.35779570929142235,
    "centered_cosine_mean": 0.9894932354650834
  },
  "argmax_flips": 42,
  "teacher": "benchmarks\\quality-k-recheck-2026-09-07\\q4km-current-full\\9\\BF16.logits",
  "candidate": "benchmarks\\quality-k-recheck-2026-09-07\\q4km-current-full\\9\\native-Q4_K_M.logits",
  "vocabulary_size": 248320
}
