{
  "positions": 512,
  "kld": {
    "mean": 0.09772055568146942,
    "median": 0.07249152093037993,
    "p95": 0.23869583848670992,
    "p99": 0.6032726991762479,
    "max": 2.076181909550604
  },
  "target_nll": {
    "teacher_perplexity": 16.89823661865913,
    "candidate_perplexity": 19.1589904536355,
    "teacher_mean": 2.8272092743938373,
    "candidate_mean": 2.9527720808432316,
    "delta_mean": 0.12556280644939438,
    "delta_p95": 1.090524456688797,
    "perplexity_ratio": 1.1337863758210152
  },
  "agreement": {
    "top1": 0.83984375,
    "teacher_top1_in_candidate_top5": 0.994140625,
    "teacher_top1_in_candidate_top10": 0.99609375,
    "top5_overlap": 0.8292968750000002,
    "top10_overlap": 0.8425781250000002
  },
  "logits": {
    "centered_rmse_mean": 0.5348859746480916,
    "centered_cosine_mean": 0.9760975043769644
  },
  "argmax_flips": 82,
  "teacher": "benchmarks\\quality-k-recheck-2026-09-07\\calibrated-g16-full\\13\\BF16.logits",
  "candidate": "benchmarks\\quality-k-recheck-2026-09-07\\calibrated-g16-full\\13\\native-calibrated-g16.logits",
  "vocabulary_size": 248320
}
