{
  "positions": 512,
  "kld": {
    "mean": 0.033174230171086276,
    "median": 0.02119524324223842,
    "p95": 0.09473138269408111,
    "p99": 0.2827050443478843,
    "max": 0.4442562936090265
  },
  "target_nll": {
    "teacher_perplexity": 12.455857731131575,
    "candidate_perplexity": 12.851400695428541,
    "teacher_mean": 2.522191012752562,
    "candidate_mean": 2.55345280893607,
    "delta_mean": 0.03126179618350815,
    "delta_p95": 0.5897127920770894,
    "perplexity_ratio": 1.0317555782054546
  },
  "agreement": {
    "top1": 0.92578125,
    "teacher_top1_in_candidate_top5": 0.998046875,
    "teacher_top1_in_candidate_top10": 1.0,
    "top5_overlap": 0.8992187500000002,
    "top10_overlap": 0.8960937500000001
  },
  "logits": {
    "centered_rmse_mean": 0.34248769414073943,
    "centered_cosine_mean": 0.990215471712068
  },
  "argmax_flips": 38,
  "teacher": "benchmarks\\quality-k-recheck-2026-09-07\\q4km-current-full\\12\\BF16.logits",
  "candidate": "benchmarks\\quality-k-recheck-2026-09-07\\q4km-current-full\\12\\native-Q4_K_M.logits",
  "vocabulary_size": 248320
}
