{
  "positions": 128,
  "kld": {
    "mean": 0.02508211158616343,
    "median": 0.0006813859268971726,
    "p95": 0.1566550943004903,
    "p99": 0.292386993644725,
    "max": 0.4487239457503821
  },
  "target_nll": {
    "teacher_perplexity": 1.1743668342361755,
    "candidate_perplexity": 1.1820344128116305,
    "teacher_mean": 0.16072913787662924,
    "candidate_mean": 0.16723703261393355,
    "delta_mean": 0.006507894737304315,
    "delta_p95": 0.18011970795078183,
    "perplexity_ratio": 1.0065291170969095
  },
  "agreement": {
    "top1": 0.9765625,
    "teacher_top1_in_candidate_top5": 1.0,
    "teacher_top1_in_candidate_top10": 1.0,
    "top5_overlap": 0.8171875000000002,
    "top10_overlap": 0.8257812500000001
  },
  "logits": {
    "centered_rmse_mean": 0.7529059934926736,
    "centered_cosine_mean": 0.9509123934827968
  },
  "argmax_flips": 3,
  "teacher": "benchmarks\\g16-calibrated-batch\\quality-development\\5\\BF16.logits",
  "candidate": "benchmarks\\g16-calibrated-batch\\quality-development\\5\\native-calibrated-g16.logits",
  "vocabulary_size": 248320
}
