{
  "positions": 512,
  "kld": {
    "mean": 0.09291943099760269,
    "median": 0.06815896370724962,
    "p95": 0.22804235983913773,
    "p99": 0.5618338842900891,
    "max": 1.9008608036450672
  },
  "target_nll": {
    "teacher_perplexity": 16.89823661865913,
    "candidate_perplexity": 18.66426523889496,
    "teacher_mean": 2.8272092743938373,
    "candidate_mean": 2.926610745874845,
    "delta_mean": 0.09940147148100777,
    "delta_p95": 1.059519741709748,
    "perplexity_ratio": 1.1045096396795493
  },
  "agreement": {
    "top1": 0.8359375,
    "teacher_top1_in_candidate_top5": 0.994140625,
    "teacher_top1_in_candidate_top10": 0.99609375,
    "top5_overlap": 0.8269531250000002,
    "top10_overlap": 0.8451171875000001
  },
  "logits": {
    "centered_rmse_mean": 0.5432031099872795,
    "centered_cosine_mean": 0.9754298527542713
  },
  "argmax_flips": 84,
  "teacher": "benchmarks\\quality-k-recheck-2026-09-07\\calibrated-g32-full\\13\\BF16.logits",
  "candidate": "benchmarks\\quality-k-recheck-2026-09-07\\calibrated-g32-full\\13\\native-calibrated-g32.logits",
  "vocabulary_size": 248320
}
