{
  "positions": 512,
  "kld": {
    "mean": 0.10804226263649983,
    "median": 0.08205328588634472,
    "p95": 0.25625827172150395,
    "p99": 0.6017152118055656,
    "max": 1.4278026423359043
  },
  "target_nll": {
    "teacher_perplexity": 31.536371233132204,
    "candidate_perplexity": 36.83780732988147,
    "teacher_mean": 3.451141522066478,
    "candidate_mean": 3.606524690882937,
    "delta_mean": 0.1553831688164588,
    "delta_p95": 1.1128966787100796,
    "perplexity_ratio": 1.1681054569518623
  },
  "agreement": {
    "top1": 0.791015625,
    "teacher_top1_in_candidate_top5": 0.990234375,
    "teacher_top1_in_candidate_top10": 0.998046875,
    "top5_overlap": 0.8257812500000001,
    "top10_overlap": 0.8275390625000001
  },
  "logits": {
    "centered_rmse_mean": 0.5448628510321349,
    "centered_cosine_mean": 0.9769760653583257
  },
  "argmax_flips": 107,
  "teacher": "benchmarks\\quality-k-recheck-2026-09-07\\calibrated-g16-full\\8\\BF16.logits",
  "candidate": "benchmarks\\quality-k-recheck-2026-09-07\\calibrated-g16-full\\8\\native-calibrated-g16.logits",
  "vocabulary_size": 248320
}
