{
  "positions": 64,
  "kld": {
    "mean": 0.11371161247020821,
    "median": 0.10685057217577615,
    "p95": 0.24381795206921947,
    "p99": 0.37344416844925526,
    "max": 0.43116608936764866
  },
  "target_nll": {
    "teacher_perplexity": 23.524330547776536,
    "candidate_perplexity": 27.03773147264701,
    "teacher_mean": 3.1580352280113386,
    "candidate_mean": 3.2972333524130164,
    "delta_mean": 0.1391981244016775,
    "delta_p95": 0.8507008394314135,
    "perplexity_ratio": 1.1493517920833052
  },
  "agreement": {
    "top1": 0.75,
    "teacher_top1_in_candidate_top5": 0.984375,
    "teacher_top1_in_candidate_top10": 0.984375,
    "top5_overlap": 0.79375,
    "top10_overlap": 0.8046875
  },
  "logits": {
    "centered_rmse_mean": 0.5610855975946922,
    "centered_cosine_mean": 0.9736302377915702
  },
  "argmax_flips": 16,
  "teacher": "benchmarks\\quality-k-recheck-2026-09-07\\calibrated-g32-audit\\1\\BF16.logits",
  "candidate": "benchmarks\\quality-k-recheck-2026-09-07\\calibrated-g32-audit\\1\\native-calibrated-g32.logits",
  "vocabulary_size": 248320
}
