{
  "positions": 512,
  "kld": {
    "mean": 0.09422987103420144,
    "median": 0.07417481447206033,
    "p95": 0.2524530569714618,
    "p99": 0.482910162780741,
    "max": 0.6092150661886898
  },
  "target_nll": {
    "teacher_perplexity": 13.279017146062538,
    "candidate_perplexity": 13.978590170866454,
    "teacher_mean": 2.586185131223754,
    "candidate_mean": 2.637526885573458,
    "delta_mean": 0.051341754349703936,
    "delta_p95": 0.9168081604152156,
    "perplexity_ratio": 1.0526825906698487
  },
  "agreement": {
    "top1": 0.857421875,
    "teacher_top1_in_candidate_top5": 0.986328125,
    "teacher_top1_in_candidate_top10": 0.99609375,
    "top5_overlap": 0.8296875000000001,
    "top10_overlap": 0.8353515625000001
  },
  "logits": {
    "centered_rmse_mean": 0.5595905206589777,
    "centered_cosine_mean": 0.9750920091648894
  },
  "argmax_flips": 73,
  "teacher": "benchmarks\\quality-k-recheck-2026-09-07\\calibrated-g32-full\\1\\BF16.logits",
  "candidate": "benchmarks\\quality-k-recheck-2026-09-07\\calibrated-g32-full\\1\\native-calibrated-g32.logits",
  "vocabulary_size": 248320
}
