{
  "positions": 512,
  "kld": {
    "mean": 0.029136486907352495,
    "median": 0.022389867040860996,
    "p95": 0.07620183584260196,
    "p99": 0.13489726734768234,
    "max": 0.3368198102307985
  },
  "target_nll": {
    "teacher_perplexity": 13.40648639843396,
    "candidate_perplexity": 13.656699513070702,
    "teacher_mean": 2.5957386494224424,
    "candidate_mean": 2.6142302080430646,
    "delta_mean": 0.018491558620622534,
    "delta_p95": 0.510771273260307,
    "perplexity_ratio": 1.0186635862074924
  },
  "agreement": {
    "top1": 0.90625,
    "teacher_top1_in_candidate_top5": 0.99609375,
    "teacher_top1_in_candidate_top10": 1.0,
    "top5_overlap": 0.892578125,
    "top10_overlap": 0.8978515625000001
  },
  "logits": {
    "centered_rmse_mean": 0.34193687654372273,
    "centered_cosine_mean": 0.9905685706007308
  },
  "argmax_flips": 48,
  "teacher": "benchmarks\\quality-k-recheck-2026-09-07\\q4km-current-full\\14\\BF16.logits",
  "candidate": "benchmarks\\quality-k-recheck-2026-09-07\\q4km-current-full\\14\\native-Q4_K_M.logits",
  "vocabulary_size": 248320
}
