{
  "positions": 512,
  "kld": {
    "mean": 0.09195694876815902,
    "median": 0.06789855420055418,
    "p95": 0.26710620824889547,
    "p99": 0.4868615374167892,
    "max": 1.3109029013698212
  },
  "target_nll": {
    "teacher_perplexity": 12.455857731131575,
    "candidate_perplexity": 13.570539433050424,
    "teacher_mean": 2.522191012752562,
    "candidate_mean": 2.6079012249395537,
    "delta_mean": 0.08571021218699218,
    "delta_p95": 0.9555355548770378,
    "perplexity_ratio": 1.0894905614675474
  },
  "agreement": {
    "top1": 0.853515625,
    "teacher_top1_in_candidate_top5": 0.994140625,
    "teacher_top1_in_candidate_top10": 0.998046875,
    "top5_overlap": 0.8230468750000001,
    "top10_overlap": 0.8378906250000002
  },
  "logits": {
    "centered_rmse_mean": 0.5540793629754175,
    "centered_cosine_mean": 0.9747162754665248
  },
  "argmax_flips": 75,
  "teacher": "benchmarks\\quality-k-recheck-2026-09-07\\calibrated-g32-full\\12\\BF16.logits",
  "candidate": "benchmarks\\quality-k-recheck-2026-09-07\\calibrated-g32-full\\12\\native-calibrated-g32.logits",
  "vocabulary_size": 248320
}
