{
  "positions": 256,
  "kld": {
    "mean": 0.07017949163484698,
    "median": 0.008378028667377576,
    "p95": 0.34368551030140354,
    "p99": 0.6415877193803518,
    "max": 0.9492881791577609
  },
  "target_nll": {
    "teacher_perplexity": 1.9456979404165793,
    "candidate_perplexity": 2.040498161030283,
    "teacher_mean": 0.6656207509638109,
    "candidate_mean": 0.7131939746284643,
    "delta_mean": 0.04757322366465346,
    "delta_p95": 0.5844625466399416,
    "perplexity_ratio": 1.0487229896503907
  },
  "agreement": {
    "top1": 0.94140625,
    "teacher_top1_in_candidate_top5": 0.9921875,
    "teacher_top1_in_candidate_top10": 0.9921875,
    "top5_overlap": 0.8359375,
    "top10_overlap": 0.8363281250000001
  },
  "logits": {
    "centered_rmse_mean": 0.6654020079289757,
    "centered_cosine_mean": 0.9591598390479283
  },
  "argmax_flips": 15,
  "teacher": "benchmarks\\g16-calibrated-batch\\quality-development\\2\\BF16.logits",
  "candidate": "benchmarks\\g16-calibrated-batch\\quality-development\\2\\native-calibrated-g16.logits",
  "vocabulary_size": 248320
}
