{
  "positions": 512,
  "kld": {
    "mean": 0.09897839091816393,
    "median": 0.08187473880060722,
    "p95": 0.24969955250931988,
    "p99": 0.43503951243093325,
    "max": 1.2827802608826626
  },
  "target_nll": {
    "teacher_perplexity": 19.74333798279954,
    "candidate_perplexity": 22.612798301263876,
    "teacher_mean": 2.982816117116239,
    "candidate_mean": 3.1185160425089786,
    "delta_mean": 0.13569992539273945,
    "delta_p95": 1.0740405499230457,
    "perplexity_ratio": 1.145338155126768
  },
  "agreement": {
    "top1": 0.818359375,
    "teacher_top1_in_candidate_top5": 0.99609375,
    "teacher_top1_in_candidate_top10": 0.998046875,
    "top5_overlap": 0.8148437500000001,
    "top10_overlap": 0.8349609375000001
  },
  "logits": {
    "centered_rmse_mean": 0.5605940612165102,
    "centered_cosine_mean": 0.9744891993189831
  },
  "argmax_flips": 93,
  "teacher": "benchmarks\\quality-k-recheck-2026-09-07\\calibrated-g16-full\\15\\BF16.logits",
  "candidate": "benchmarks\\quality-k-recheck-2026-09-07\\calibrated-g16-full\\15\\native-calibrated-g16.logits",
  "vocabulary_size": 248320
}
