{
  "positions": 512,
  "kld": {
    "mean": 0.09672034971358218,
    "median": 0.07683702100174737,
    "p95": 0.23985591133080222,
    "p99": 0.5339157965495225,
    "max": 1.1381429074210654
  },
  "target_nll": {
    "teacher_perplexity": 12.3468522397653,
    "candidate_perplexity": 14.57092900505041,
    "teacher_mean": 2.513401151215488,
    "candidate_mean": 2.6790283796741203,
    "delta_mean": 0.1656272284586318,
    "delta_p95": 1.0919650175564468,
    "perplexity_ratio": 1.1801330996836632
  },
  "agreement": {
    "top1": 0.8515625,
    "teacher_top1_in_candidate_top5": 0.998046875,
    "teacher_top1_in_candidate_top10": 1.0,
    "top5_overlap": 0.8296875000000001,
    "top10_overlap": 0.8347656250000002
  },
  "logits": {
    "centered_rmse_mean": 0.5790996295056572,
    "centered_cosine_mean": 0.973330671210324
  },
  "argmax_flips": 76,
  "teacher": "benchmarks\\quality-k-recheck-2026-09-07\\calibrated-g32-full\\6\\BF16.logits",
  "candidate": "benchmarks\\quality-k-recheck-2026-09-07\\calibrated-g32-full\\6\\native-calibrated-g32.logits",
  "vocabulary_size": 248320
}
