{
  "positions": 64,
  "kld": {
    "mean": 0.11852280354244063,
    "median": 0.09980949798047067,
    "p95": 0.3349625885985435,
    "p99": 0.4319920861628284,
    "max": 0.4872301346919724
  },
  "target_nll": {
    "teacher_perplexity": 36.022254505157726,
    "candidate_perplexity": 45.78632504800654,
    "teacher_mean": 3.5841369281599564,
    "candidate_mean": 3.823985466798486,
    "delta_mean": 0.2398485386385299,
    "delta_p95": 1.3857348833428502,
    "perplexity_ratio": 1.2710566197751667
  },
  "agreement": {
    "top1": 0.828125,
    "teacher_top1_in_candidate_top5": 1.0,
    "teacher_top1_in_candidate_top10": 1.0,
    "top5_overlap": 0.8156249999999999,
    "top10_overlap": 0.8250000000000002
  },
  "logits": {
    "centered_rmse_mean": 0.5288644993127459,
    "centered_cosine_mean": 0.9787222882682364
  },
  "argmax_flips": 11,
  "teacher": "benchmarks\\quality-k-recheck-2026-09-07\\calibrated-g32-audit\\0\\BF16.logits",
  "candidate": "benchmarks\\quality-k-recheck-2026-09-07\\calibrated-g32-audit\\0\\native-calibrated-g32.logits",
  "vocabulary_size": 248320
}
