{
  "positions": 512,
  "kld": {
    "mean": 0.09426977514920085,
    "median": 0.06886446102962993,
    "p95": 0.25892857932257596,
    "p99": 0.5831722281665614,
    "max": 1.0240977043348556
  },
  "target_nll": {
    "teacher_perplexity": 10.839518760353666,
    "candidate_perplexity": 12.576299408703552,
    "teacher_mean": 2.3831986002246994,
    "candidate_mean": 2.5318140433474308,
    "delta_mean": 0.14861544312273084,
    "delta_p95": 1.0907495135300238,
    "perplexity_ratio": 1.160226730240302
  },
  "agreement": {
    "top1": 0.82421875,
    "teacher_top1_in_candidate_top5": 0.994140625,
    "teacher_top1_in_candidate_top10": 1.0,
    "top5_overlap": 0.823828125,
    "top10_overlap": 0.8330078125000002
  },
  "logits": {
    "centered_rmse_mean": 0.5561371969701974,
    "centered_cosine_mean": 0.9767614176222001
  },
  "argmax_flips": 90,
  "teacher": "benchmarks\\quality-k-recheck-2026-09-07\\calibrated-g16-full\\3\\BF16.logits",
  "candidate": "benchmarks\\quality-k-recheck-2026-09-07\\calibrated-g16-full\\3\\native-calibrated-g16.logits",
  "vocabulary_size": 248320
}
