{
  "positions": 512,
  "kld": {
    "mean": 0.03323760685337084,
    "median": 0.02538125915904557,
    "p95": 0.0913385869137445,
    "p99": 0.17455464093669268,
    "max": 0.5729160508168302
  },
  "target_nll": {
    "teacher_perplexity": 13.951262363119241,
    "candidate_perplexity": 14.118389542804172,
    "teacher_mean": 2.6355699961530963,
    "candidate_mean": 2.6474781705181276,
    "delta_mean": 0.011908174365031776,
    "delta_p95": 0.4928835467754724,
    "perplexity_ratio": 1.0119793589522583
  },
  "agreement": {
    "top1": 0.890625,
    "teacher_top1_in_candidate_top5": 0.99609375,
    "teacher_top1_in_candidate_top10": 1.0,
    "top5_overlap": 0.887890625,
    "top10_overlap": 0.8914062500000002
  },
  "logits": {
    "centered_rmse_mean": 0.34964669650529145,
    "centered_cosine_mean": 0.9899985140079473
  },
  "argmax_flips": 56,
  "teacher": "benchmarks\\quality-k-recheck-2026-09-07\\q4km-current-full\\11\\BF16.logits",
  "candidate": "benchmarks\\quality-k-recheck-2026-09-07\\q4km-current-full\\11\\native-Q4_K_M.logits",
  "vocabulary_size": 248320
}
