{
  "positions": 512,
  "kld": {
    "mean": 0.09073040403989568,
    "median": 0.07257155649737071,
    "p95": 0.23350846452719787,
    "p99": 0.3663665484716172,
    "max": 0.7675801421429084
  },
  "target_nll": {
    "teacher_perplexity": 12.813134069272536,
    "candidate_perplexity": 13.568840986344835,
    "teacher_mean": 2.550470744007586,
    "candidate_mean": 2.6077760602024402,
    "delta_mean": 0.057305316194854294,
    "delta_p95": 0.8816128847062814,
    "perplexity_ratio": 1.05897908450709
  },
  "agreement": {
    "top1": 0.837890625,
    "teacher_top1_in_candidate_top5": 0.994140625,
    "teacher_top1_in_candidate_top10": 1.0,
    "top5_overlap": 0.8257812500000001,
    "top10_overlap": 0.8242187500000001
  },
  "logits": {
    "centered_rmse_mean": 0.5695883640990057,
    "centered_cosine_mean": 0.9753259043945294
  },
  "argmax_flips": 83,
  "teacher": "benchmarks\\quality-k-recheck-2026-09-07\\calibrated-g32-full\\7\\BF16.logits",
  "candidate": "benchmarks\\quality-k-recheck-2026-09-07\\calibrated-g32-full\\7\\native-calibrated-g32.logits",
  "vocabulary_size": 248320
}
