{
  "positions": 512,
  "kld": {
    "mean": 0.10224168354534172,
    "median": 0.07658272938263641,
    "p95": 0.27704916856555245,
    "p99": 0.562393111606083,
    "max": 1.8520479261576144
  },
  "target_nll": {
    "teacher_perplexity": 19.44802493051291,
    "candidate_perplexity": 22.30834242119587,
    "teacher_mean": 2.967745518919259,
    "candidate_mean": 3.1049607081134587,
    "delta_mean": 0.13721518919419934,
    "delta_p95": 1.0074870129721347,
    "perplexity_ratio": 1.1470749601002035
  },
  "agreement": {
    "top1": 0.83203125,
    "teacher_top1_in_candidate_top5": 0.9921875,
    "teacher_top1_in_candidate_top10": 1.0,
    "top5_overlap": 0.8308593750000001,
    "top10_overlap": 0.8335937500000001
  },
  "logits": {
    "centered_rmse_mean": 0.5485526328019894,
    "centered_cosine_mean": 0.9754561264965917
  },
  "argmax_flips": 86,
  "teacher": "benchmarks\\quality-k-recheck-2026-09-07\\calibrated-g16-full\\9\\BF16.logits",
  "candidate": "benchmarks\\quality-k-recheck-2026-09-07\\calibrated-g16-full\\9\\native-calibrated-g16.logits",
  "vocabulary_size": 248320
}
