{
  "positions": 512,
  "kld": {
    "mean": 0.09616045384566871,
    "median": 0.07548304788557039,
    "p95": 0.26264014206479647,
    "p99": 0.46055788669885306,
    "max": 0.8237039348216912
  },
  "target_nll": {
    "teacher_perplexity": 12.3468522397653,
    "candidate_perplexity": 14.697363916855105,
    "teacher_mean": 2.513401151215488,
    "candidate_mean": 2.687668152319965,
    "delta_mean": 0.1742670011044768,
    "delta_p95": 1.09105589782088,
    "perplexity_ratio": 1.1903733543938877
  },
  "agreement": {
    "top1": 0.857421875,
    "teacher_top1_in_candidate_top5": 0.998046875,
    "teacher_top1_in_candidate_top10": 1.0,
    "top5_overlap": 0.8289062500000002,
    "top10_overlap": 0.8294921875000001
  },
  "logits": {
    "centered_rmse_mean": 0.5692706267034455,
    "centered_cosine_mean": 0.9742863351318518
  },
  "argmax_flips": 73,
  "teacher": "benchmarks\\quality-k-recheck-2026-09-07\\calibrated-g16-full\\6\\BF16.logits",
  "candidate": "benchmarks\\quality-k-recheck-2026-09-07\\calibrated-g16-full\\6\\native-calibrated-g16.logits",
  "vocabulary_size": 248320
}
