{
  "positions": 64,
  "kld": {
    "mean": 0.1480205721261144,
    "median": 0.13503634843787488,
    "p95": 0.3031525989421411,
    "p99": 0.38611853463840273,
    "max": 0.40442794974472224
  },
  "target_nll": {
    "teacher_perplexity": 26.09459048505486,
    "candidate_perplexity": 32.56231569318245,
    "teacher_mean": 3.2617280317380866,
    "candidate_mean": 3.483155659403362,
    "delta_mean": 0.22142762766527535,
    "delta_p95": 1.2972570593974198,
    "perplexity_ratio": 1.24785693463294
  },
  "agreement": {
    "top1": 0.78125,
    "teacher_top1_in_candidate_top5": 1.0,
    "teacher_top1_in_candidate_top10": 1.0,
    "top5_overlap": 0.8156249999999999,
    "top10_overlap": 0.8125
  },
  "logits": {
    "centered_rmse_mean": 0.6114198302924858,
    "centered_cosine_mean": 0.97550905092846
  },
  "argmax_flips": 14,
  "teacher": "benchmarks\\quality-k-recheck-2026-09-07\\calibrated-g32-audit\\4\\BF16.logits",
  "candidate": "benchmarks\\quality-k-recheck-2026-09-07\\calibrated-g32-audit\\4\\native-calibrated-g32.logits",
  "vocabulary_size": 248320
}
